╭──────────────────────────────────────╮
│ AWS Browser · READ ONLY              │
│ Profile dev  Account unresolved  Pr… │
│ Services / tasks · LIST              │
│ > EC2 Instances           Not loaded │
│   Route 53 Hosted Zones   Not loade… │
│   IAM Roles               Not loade… │
│   VPC & Networking        Not loaded │
│   Cross-profile search    Domain, r… │
│ ↑↓ move · →/enter open · : command   │
│ c context · ctrl+g search · ? help   │
╰──────────────────────────────────────╯