╭──────────────────────────────────────╮
│ AWS Browser · READ ONLY              │
│ Profile dev  Account unresolved  Pr… │
│ Services / tasks · LIST              │
│   RESOURCE            STATUS         │
│ > EC2 Instances       Not loaded     │
│   Route 53 Hosted Z…  Not loaded · … │
│   IAM Roles           Not loaded · … │
│   VPC & Networking    Not loaded     │
│   Cross-profile sea…  Domain, role … │
│ c context · ctrl+g search · ? help   │
╰──────────────────────────────────────╯