╭────────────────────────────────────────────────╮
│ AWS Browser · READ ONLY                        │
│ Profile dev  Account unresolved  Principal un… │
│ Services / tasks · LIST                        │
│   RESOURCE                      STATUS         │
│ > EC2 Instances                 Not loaded     │
│   Route 53 Hosted Zones         Not loaded · … │
│   IAM Roles                     Not loaded · … │
│   VPC & Networking              Not loaded     │
│   Load Balancers (ALB/NLB)      Not loaded     │
│   Cross-profile search          Domain, role … │
│ ↑↓ move · →/enter open · : command             │
│                                                │
│                                                │
│ c context · ctrl+g search · ? help             │
╰────────────────────────────────────────────────╯