╭──────────────────────────────────────────────────────────────────────────────╮
│ AWS Browser · READ ONLY                                                      │
│ Profile dev  Account unresolved  Principal unresolved  ap-northeast-2        │
│ Services / tasks · LIST                                                      │
│   RESOURCE                        ALIAS                     STATUS           │
│ > EC2 Instances                   ec2-instances             Not loaded       │
│   Route 53 Hosted Zones           route53-hosted-zones      Not loaded · AW… │
│   IAM Roles                       iam-roles                 Not loaded · AW… │
│   VPC & Networking                vpc-networking            Not loaded       │
│   Cross-profile search            cross-profile-search      Domain, role · … │
│                                                                              │
│                                                                              │
│                                                                              │
│                                                                              │
│                                                                              │
│                                                                              │
│                                                                              │
│                                                                              │
│                                                                              │
│                                                                              │
│                                                                              │
│                                                                              │
│ ↑↓ move  →/enter open  : command  c context  ctrl+g search  ? help           │
╰──────────────────────────────────────────────────────────────────────────────╯