╭──────────────────────────────────────────────────────────────────────────────╮
│ AWS Browser · READ ONLY                                                      │
│ Profile dev  Account unresolved  Principal unresolved  ap-northeast-2        │
│ Services / tasks · LIST                                                      │
│   RESOURCE                        ALIAS                     STATUS           │
│ > EC2 Instances                   ec2-instances             Not loaded       │
│   Route 53 Hosted Zones           route53-hosted-zones      Not loaded · AW… │
│   IAM Roles                       iam-roles                 Not loaded · AW… │
│   VPC & Networking                vpc-networking            Not loaded       │
│   Load Balancers (ALB/NLB)        elbv2-load-balancers      Not loaded       │
│   Cross-profile search            cross-profile-search      AMI, domain, ro… │
│   EC2 Launch Templates            ec2-launch-templates      Not loaded       │
│                                                                              │
│                                                                              │
│                                                                              │
│                                                                              │
│                                                                              │
│                                                                              │
│                                                                              │
│                                                                              │
│                                                                              │
│                                                                              │
│ ↑↓ move  →/enter open  : command  c context  ctrl+g search  ? help           │
╰──────────────────────────────────────────────────────────────────────────────╯