╭──────────────────────────────────────╮
│ AWS Browser · READ ONLY              │
│ Profile dev  Account unresolved  Pr… │
│ AWS > web-api > Summary              │
│ running                              │
│ Categories (3)                       │
│   CATEGORY            COUNT  ACTION  │
│ > Security groups     1      OPEN    │
│   Detail              2      VIEW    │
│   Tags                0      VIEW    │
│ ↑↓ category · →/enter open · ← back… │
╰──────────────────────────────────────╯