╭──────────────────────────────────────╮
│ AWS Browser · READ ONLY              │
│ Profile dev  Account unresolved  Pr… │
│ AWS > web-api > Summary              │
│ running                              │
│                                      │
│ Categories (3)                       │
│ > Security groups (1) · →/enter open │
│   Detail · →/enter view              │
│   Tags (0) · →/enter view            │
│ ↑↓ category · →/enter open · ← back… │
╰──────────────────────────────────────╯