╭──────────────────────────────────────────────────────────────────────────────╮
│ AWS Browser · READ ONLY                                                      │
│ Profile dev  Account unresolved  Principal unresolved  ap-northeast-2        │
│ AWS > web-api > Summary                                                      │
│ running                                                                      │
│                                                                              │
│ Categories (3)                                                               │
│   CATEGORY                                                    COUNT  ACTION  │
│ > Security groups                                             1      OPEN    │
│   Detail                                                      2      VIEW    │
│   Tags                                                        0      VIEW    │
│                                                                              │
│ Summary                                                                      │
│   FIELD               VALUE                                                  │
│   Private IP          10.0.1.24                                              │
│   Long value          metadata-metadata-metadata-metadata-metadata-metadata… │
│                                                                              │
│                                                                              │
│                                                                              │
│                                                                              │
│                                                                              │
│                                                                              │
│ ↑↓ category · →/enter open · ← back · : command · ^o/^i history              │
╰──────────────────────────────────────────────────────────────────────────────╯