╭──────────────────────────────────────────────────────────────────────────────────────────────────────────────────────╮
│ AWS Browser · READ ONLY                                                                                              │
│ Profile dev  Account unresolved  Principal unresolved  ap-northeast-2                                                │
│ AWS > EC2 Instances                                                                                                  │
│ Ready · 1 resources · fetched 14:32:08                                                                               │
│ Search  type to filter loaded resources                                                                              │
│                                                                                                                      │
│ Resources (1) · rows 1-1                                                                                             │
│ > web-api  running                                                                                                   │
│                                                                                                                      │
│ Preview · web-api                                                                                                    │
│ Private IP         10.0.1.24                                                                                         │
│ Long value         metadata-metadata-metadata-metadata-metadata-metadata-metadata-metadata-metadata-metadata-metadat │
│                    a-metadata-                                                                                       │
│                                                                                                                      │
│ type or / filter  ↑↓ move  →/enter detail  ← back  : command  ^o/^i history                                          │
╰──────────────────────────────────────────────────────────────────────────────────────────────────────────────────────╯