╭──────────────────────────────────────────────────────────────────────────────────────────────────────────────────────╮
│ AWS Browser · READ ONLY                                                                                              │
│ Profile dev  Account unresolved  Principal unresolved  ap-northeast-2                                                │
│ AWS > EC2 Instances                                                                                                  │
│ Ready · 1 resources · fetched 14:32:08                                                                               │
│ Search  type to filter loaded resources                                                                              │
│                                                                                                                      │
│ Resources (1) · rows 1-1                                                                                             │
│   NAME                     TYPE              ID                    STATUS     │ Quick Preview                        │
│ > web-api                  ec2.instance      web-api               running    │ web-api                              │
│                                                                               │ ec2.instance:-                       │
│                                                                               │ web-api                              │
│                                                                               │                                      │
│                                                                               │ At a glance                          │
│                                                                               │ Private IP  10.0.1.24                │
│                                                                               │ Long value  metadata-metadata-metad… │
│                                                                               │                                      │
│                                                                               │ Relations                            │
│                                                                               │ Security groups  sg-web              │
│                                                                                                                      │
│                                                                                                                      │
│                                                                                                                      │
│                                                                                                                      │
│                                                                                                                      │
│                                                                                                                      │
│                                                                                                                      │
│                                                                                                                      │
│                                                                                                                      │
│ type or / filter  ↑↓ move  →/enter detail  ← back  : command  ^o/^i history                                          │
╰──────────────────────────────────────────────────────────────────────────────────────────────────────────────────────╯