╭────────────────────────────────────────────────╮
│ AWS Browser · READ ONLY                        │
│ Profile dev  Account unresolved  Principal un… │
│ AWS > EC2 Instances                            │
│ Ready · 1 resources · fetched 14:32:08         │
│ Search  type to filter loaded resources        │
│                                                │
│ Resources (1) · rows 1-1                       │
│   NAME          TYPE            ID             │
│ > web-api       ec2.instance    web-api        │
│                                                │
│                                                │
│ type or / filter  ↑↓ move  →/enter detail  ← … │
╰────────────────────────────────────────────────╯